woody@Woody:~/git_code$ sudo apt-get install git-core
正在读取软件包列表... 完成
正在分析软件包的依赖关系树       
正在读取状态信息... 完成       
将会安装下列额外的软件包：
  libdigest-sha1-perl liberror-perl
建议安装的软件包：
  git-doc git-arch git-cvs git-svn git-email git-daemon-run git-gui gitk
  gitweb
下列【新】软件包将被安装：
  git-core libdigest-sha1-perl liberror-perl
共升级了 0 个软件包，新安装了 3 个软件包，要卸载 0 个软件包，有 0 个软件未被升级。
需要下载 4371kB 的软件包。
解压缩后会消耗掉 9208kB 的额外空间。
您希望继续执行吗？[Y/n]


建立本地git仓库
woody@Woody:~/git001$ git config --global user.name 'woody1983'
woody@Woody:~/git001$ git config --global user.email unix1983@gmail.com

woody@Woody:~/OPENSource/ruby_git$ touch README
woody@Woody:~/OPENSource/ruby_git$ git add README
woody@Woody:~/OPENSource/ruby_git$ git commit -m 'The first github add'
Created initial commit bf015b4: The first github add
 0 files changed, 0 insertions(+), 0 deletions(-)
 create mode 100644 README
woody@Woody:~/OPENSource/ruby_git$ ls -la
总用量 12
drwxr-xr-x 3 woody woody 4096 2009-08-31 10:05 .
drwxr-xr-x 3 woody woody 4096 2009-08-31 10:03 ..
drwxr-xr-x 8 woody woody 4096 2009-08-31 10:05 .git
-rw-r--r-- 1 woody woody    0 2009-08-31 10:05 README
woody@Woody:~/OPENSource/ruby_git$ ssh-keygen -C 'woody1983@gmail.com' -t rsa
Generating public/private rsa key pair.
Enter file in which to save the key (/home/woody/.ssh/id_rsa): 
Enter passphrase (empty for no passphrase): 
Enter same passphrase again: 
Your identification has been saved in /home/woody/.ssh/id_rsa.
Your public key has been saved in /home/woody/.ssh/id_rsa.pub.
The key fingerprint is:
52:ce:eb:4c:c2:6a:e6:76:5d:93:54:21:ab:95:7b:36 woody1983@gmail.com
The key's randomart image is:
+--[ RSA 2048]----+
|          . ..   |
|           +.    |
|        . +.     |
|       + o..     |
|      . S...E    |
|     . . .+o .   |
|      o.o. .     |
|    +..=.        |
|   =o.  o        |
+-----------------+


使用

woody@Woody:~/OPENSource/ruby_git$ ssh -v git@github.com
OpenSSH_5.1p1 Debian-5ubuntu1, OpenSSL 0.9.8g 19 Oct 2007
debug1: Reading configuration data /etc/ssh/ssh_config
debug1: Applying options for *
debug1: Connecting to github.com [65.74.177.129] port 22.
debug1: Connection established.
debug1: identity file /home/woody/.ssh/identity type -1
debug1: identity file /home/woody/.ssh/id_rsa type 1
debug1: Checking blacklist file /usr/share/ssh/blacklist.RSA-2048
debug1: Checking blacklist file /etc/ssh/blacklist.RSA-2048
debug1: identity file /home/woody/.ssh/id_dsa type -1
debug1: Remote protocol version 2.0, remote software version OpenSSH_5.2
debug1: match: OpenSSH_5.2 pat OpenSSH*
debug1: Enabling compatibility mode for protocol 2.0
debug1: Local version string SSH-2.0-OpenSSH_5.1p1 Debian-5ubuntu1
debug1: SSH2_MSG_KEXINIT sent
debug1: SSH2_MSG_KEXINIT received
debug1: kex: server->client aes128-cbc hmac-md5 none
debug1: kex: client->server aes128-cbc hmac-md5 none
debug1: SSH2_MSG_KEX_DH_GEX_REQUEST(1024<1024<8192) sent
debug1: expecting SSH2_MSG_KEX_DH_GEX_GROUP
debug1: SSH2_MSG_KEX_DH_GEX_INIT sent
debug1: expecting SSH2_MSG_KEX_DH_GEX_REPLY
debug1: Host 'github.com' is known and matches the RSA host key.
debug1: Found key in /home/woody/.ssh/known_hosts:1
debug1: ssh_rsa_verify: signature correct
debug1: SSH2_MSG_NEWKEYS sent
debug1: expecting SSH2_MSG_NEWKEYS
debug1: SSH2_MSG_NEWKEYS received
debug1: SSH2_MSG_SERVICE_REQUEST sent
debug1: SSH2_MSG_SERVICE_ACCEPT received
debug1: Authentications that can continue: publickey
debug1: Next authentication method: publickey
debug1: Offering public key: /home/woody/.ssh/id_rsa
debug1: Remote: Forced command: gerve woody1983/ruby
debug1: Remote: Port forwarding disabled.
debug1: Remote: X11 forwarding disabled.
debug1: Remote: Agent forwarding disabled.
debug1: Remote: Pty allocation disabled.
debug1: Server accepts key: pkalg ssh-rsa blen 277
debug1: Remote: Forced command: gerve woody1983/ruby
debug1: Remote: Port forwarding disabled.
debug1: Remote: X11 forwarding disabled.
debug1: Remote: Agent forwarding disabled.
debug1: Remote: Pty allocation disabled.
debug1: Authentication succeeded (publickey).
debug1: channel 0: new [client-session]
debug1: Requesting no-more-sessions@openssh.com
debug1: Entering interactive session.
debug1: Sending environment.
debug1: Sending env LANG = zh_CN.UTF-8
PTY allocation request failed on channel 0
Hi woody1983/ruby! You've successfully authenticated, but GitHub does not provide shell access.
                                                                                               debug1: client_input_channel_req: channel 0 rtype exit-status reply 0
debug1: client_input_channel_req: channel 0 rtype eow@openssh.com reply 0
debug1: channel 0: free: client-session, nchannels 1
Connection to github.com closed.
Transferred: sent 2544, received 2904 bytes, in 0.3 seconds
Bytes per second: sent 7679.9, received 8766.6
debug1: Exit status 1
woody@Woody:~/OPENSource/ruby_git$ git push origin master
fatal: 'origin': unable to chdir or not a git archive
fatal: The remote end hung up unexpectedly
woody@Woody:~/OPENSource/ruby_git$ git remote add origin git@github.com:woody1983/ruby.git
woody@Woody:~/OPENSource/ruby_git$ git push origin master
Counting objects: 3, done.
Writing objects: 100% (3/3), 214 bytes, done.
Total 3 (delta 0), reused 0 (delta 0)
To git@github.com:woody1983/ruby.git
 * [new branch]      master -> master



